--
-- GUC sanity
--
CREATE EXTENSION percona_telemetry;
SELECT application_name, backend_type, (backend_start IS NOT NULL) AS backend_started
FROM pg_stat_activity
WHERE application_name = 'percona_telemetry';
 application_name  |        backend_type        | backend_started 
-------------------+----------------------------+-----------------
 percona_telemetry | percona_telemetry launcher | t
(1 row)

\x
SELECT name, setting, unit, short_desc, min_val, max_val, boot_val, reset_val
FROM pg_settings
WHERE name LIKE 'percona_telemetry.%'
ORDER BY name;
-[ RECORD 1 ]-------------------------------------------------
name       | percona_telemetry.enabled
setting    | on
unit       | 
short_desc | Enable or disable the percona_telemetry extension
min_val    | 
max_val    | 
boot_val   | on
reset_val  | on
-[ RECORD 2 ]-------------------------------------------------
name       | percona_telemetry.path
setting    | /usr/local/percona/telemetry/pg
unit       | 
short_desc | Directory path for writing database info file(s)
min_val    | 
max_val    | 
boot_val   | /usr/local/percona/telemetry/pg
reset_val  | /usr/local/percona/telemetry/pg

\x
ALTER SYSTEM SET percona_telemetry.enabled = false;
SELECT pg_reload_conf();
 pg_reload_conf 
----------------
 t
(1 row)

SELECT pg_sleep(2);
 pg_sleep 
----------
 
(1 row)

SELECT application_name, backend_type, (backend_start IS NOT NULL) AS backend_started
FROM pg_stat_activity
WHERE application_name = 'percona_telemetry';
 application_name  |        backend_type        | backend_started 
-------------------+----------------------------+-----------------
 percona_telemetry | percona_telemetry launcher | t
(1 row)

ALTER SYSTEM RESET percona_telemetry.enabled;
SELECT pg_reload_conf();
 pg_reload_conf 
----------------
 t
(1 row)

DROP EXTENSION percona_telemetry;
